[DATA_POINT]
1="HTTP_301"
2="HTTP_302"
3="tcp_connect"
4="tcp_connection_count"
5="ssl_session_new"
6="mic_recv"
7="HTTP_200"
8="tcp_shutdown"
[END_TRANSACTION]
49="login"
50="Action_Transaction"
51="vuser_end_Transaction"
1="vuser_init_Transaction"
2="https://www.gstatic.com/autofill/weekly/merchants.json"
3="merchants.json_Action_12"
4="https://www.gstatic.com/autofill/hourly/bins.json"
5="bins.json_Action_21"
6="https://clientservices.googleapis.com/chrome-variations/seed?osname=win&channel=stable&milestone=79"
7="seed_Action_33"
8="http://demo.opencart.com/"
9="https://fonts.gstatic.com/s/opensans/v17/mem8YaGs126MiZpBA-UFVZ0b.woff2"
10="https://demo.opencart.com/catalog/view/javascript/font-awesome/fonts/fontawesome-webfont.woff2?v=4.7.0"
11="https://clients1.google.com/tbproxy/af/query?q=Chc2LjEuMTcxNS4xNDQyL2VuIChHR0xMKRMZ5YRr3Z-avlkjLWdns_4kFA=="
12="https://fonts.gstatic.com/s/opensans/v17/mem5YaGs126MiZpBA-UN7rgOUuhp.woff2"
13="https://ssl.gstatic.com/safebrowsing/csd/client_model_v5_ext_variation_0.pb"
14="https://ssl.gstatic.com/safebrowsing/csd/client_model_v5_variation_0.pb"
15="https://demo.opencart.com/catalog/view/javascript/jquery/jquery-2.1.1.min.js"
16="https://demo.opencart.com/catalog/view/javascript/jquery/swiper/css/swiper.min.css"
17="https://demo.opencart.com/catalog/view/javascript/jquery/swiper/css/opencart.css"
18="https://demo.opencart.com/catalog/view/javascript/common.js"
19="https://demo.opencart.com/catalog/view/javascript/bootstrap/js/bootstrap.min.js"
20="https://demo.opencart.com/catalog/view/theme/default/stylesheet/stylesheet.css"
21="https://demo.opencart.com/catalog/view/javascript/font-awesome/css/font-awesome.min.css"
22="https://demo.opencart.com/catalog/view/javascript/jquery/swiper/js/swiper.jquery.js"
23="https://demo.opencart.com/catalog/view/javascript/bootstrap/css/bootstrap.min.css"
24="https://demo.opencart.com/"
25="https://demo.opencart.com/image/cache/catalog/demo/banners/iPhone6-1140x380.jpg"
26="https://demo.opencart.com/image/cache/catalog/demo/manufacturer/nfl-130x100.png"
27="https://demo.opencart.com/image/cache/catalog/demo/apple_cinema_30-200x200.jpg"
28="https://demo.opencart.com/image/cache/catalog/demo/macbook_1-200x200.jpg"
29="https://demo.opencart.com/image/cache/catalog/demo/iphone_1-200x200.jpg"
30="https://fonts.googleapis.com/css?family=Open+Sans:400,400i,300,700"
31="https://demo.opencart.com/image/cache/catalog/demo/manufacturer/harley-130x100.png"
32="https://demo.opencart.com/image/cache/catalog/demo/canon_eos_5d_1-200x200.jpg"
33="https://demo.opencart.com/image/cache/catalog/demo/manufacturer/sony-130x100.png"
34="https://demo.opencart.com/image/cache/catalog/demo/manufacturer/redbull-130x100.png"
35="https://demo.opencart.com/image/cache/catalog/demo/manufacturer/dell-130x100.png"
36="https://demo.opencart.com/image/cache/catalog/demo/manufacturer/starbucks-130x100.png"
37="https://demo.opencart.com/image/cache/catalog/demo/manufacturer/disney-130x100.png"
38="https://demo.opencart.com/image/cache/catalog/demo/manufacturer/canon-130x100.png"
39="https://demo.opencart.com/image/cache/catalog/demo/manufacturer/burgerking-130x100.png"
40="https://demo.opencart.com/image/cache/catalog/demo/manufacturer/nintendo-130x100.png"
41="https://demo.opencart.com/image/cache/catalog/demo/manufacturer/cocacola-130x100.png"
42="https://demo.opencart.com/image/cache/catalog/demo/banners/MacBookAir-1140x380.jpg"
43="demo.opencart.com_Action_48"
44="https://demo.opencart.com/index.php?route=account/account"
45="https://clients1.google.com/tbproxy/af/query?q=Chc2LjEuMTcxNS4xNDQyL2VuIChHR0xMKRMZ5YRr3Z-avlkjLWdns_4kFBMZVyoHDriExaAjLXhvEhkkIy3OQUx6JBQ="
46="My_Account_Action_73"
47="https://demo.opencart.com/index.php?route=account/login"
48="index.php_Action_94"
